Archive member included because of file (symbol)

c:/program files (x86)/atmel/atmel studio 6.0/extensions/atmel/avrgcc/3.4.1.95/avrtoolchain/bin/../lib/gcc/avr/4.6.2/avr5\libgcc.a(_exit.o)
                              c:/program files (x86)/atmel/atmel studio 6.0/extensions/atmel/avrgcc/3.4.1.95/avrtoolchain/bin/../lib/gcc/avr/4.6.2/../../../../avr/lib/avr5/crtm32.o (exit)
c:/program files (x86)/atmel/atmel studio 6.0/extensions/atmel/avrgcc/3.4.1.95/avrtoolchain/bin/../lib/gcc/avr/4.6.2/avr5\libgcc.a(_copy_data.o)
                              croutine.o (__do_copy_data)
c:/program files (x86)/atmel/atmel studio 6.0/extensions/atmel/avrgcc/3.4.1.95/avrtoolchain/bin/../lib/gcc/avr/4.6.2/avr5\libgcc.a(_clear_bss.o)
                              croutine.o (__do_clear_bss)
c:/program files (x86)/atmel/atmel studio 6.0/extensions/atmel/avrgcc/3.4.1.95/avrtoolchain/bin/../lib/gcc/avr/4.6.2/../../../../avr/lib/avr5\libc.a(memcpy.o)
                              queue.o (memcpy)

Memory Configuration

Name             Origin             Length             Attributes
text             0x00000000         0x00020000         xr
data             0x00800060         0x0000ffa0         rw !x
eeprom           0x00810000         0x00010000         rw !x
fuse             0x00820000         0x00000400         rw !x
lock             0x00830000         0x00000400         rw !x
signature        0x00840000         0x00000400         rw !x
*default*        0x00000000         0xffffffff

Linker script and memory map

LOAD c:/program files (x86)/atmel/atmel studio 6.0/extensions/atmel/avrgcc/3.4.1.95/avrtoolchain/bin/../lib/gcc/avr/4.6.2/../../../../avr/lib/avr5/crtm32.o
LOAD croutine.o
LOAD event_groups.o
LOAD heap_2.o
LOAD list.o
LOAD port.o
LOAD queue.o
LOAD RTOS_PORTING.o
LOAD tasks.o
LOAD timers.o
START GROUP
LOAD c:/program files (x86)/atmel/atmel studio 6.0/extensions/atmel/avrgcc/3.4.1.95/avrtoolchain/bin/../lib/gcc/avr/4.6.2/../../../../avr/lib/avr5\libm.a
END GROUP
LOAD c:/program files (x86)/atmel/atmel studio 6.0/extensions/atmel/avrgcc/3.4.1.95/avrtoolchain/bin/../lib/gcc/avr/4.6.2/avr5\libgcc.a
LOAD c:/program files (x86)/atmel/atmel studio 6.0/extensions/atmel/avrgcc/3.4.1.95/avrtoolchain/bin/../lib/gcc/avr/4.6.2/../../../../avr/lib/avr5\libc.a
LOAD c:/program files (x86)/atmel/atmel studio 6.0/extensions/atmel/avrgcc/3.4.1.95/avrtoolchain/bin/../lib/gcc/avr/4.6.2/avr5\libgcc.a

.hash
 *(.hash)

.dynsym
 *(.dynsym)

.dynstr
 *(.dynstr)

.gnu.version
 *(.gnu.version)

.gnu.version_d
 *(.gnu.version_d)

.gnu.version_r
 *(.gnu.version_r)

.rel.init
 *(.rel.init)

.rela.init
 *(.rela.init)

.rel.text
 *(.rel.text)
 *(.rel.text.*)
 *(.rel.gnu.linkonce.t*)

.rela.text
 *(.rela.text)
 *(.rela.text.*)
 *(.rela.gnu.linkonce.t*)

.rel.fini
 *(.rel.fini)

.rela.fini
 *(.rela.fini)

.rel.rodata
 *(.rel.rodata)
 *(.rel.rodata.*)
 *(.rel.gnu.linkonce.r*)

.rela.rodata
 *(.rela.rodata)
 *(.rela.rodata.*)
 *(.rela.gnu.linkonce.r*)

.rel.data
 *(.rel.data)
 *(.rel.data.*)
 *(.rel.gnu.linkonce.d*)

.rela.data
 *(.rela.data)
 *(.rela.data.*)
 *(.rela.gnu.linkonce.d*)

.rel.ctors
 *(.rel.ctors)

.rela.ctors
 *(.rela.ctors)

.rel.dtors
 *(.rel.dtors)

.rela.dtors
 *(.rela.dtors)

.rel.got
 *(.rel.got)

.rela.got
 *(.rela.got)

.rel.bss
 *(.rel.bss)

.rela.bss
 *(.rela.bss)

.rel.plt
 *(.rel.plt)

.rela.plt
 *(.rela.plt)

.text           0x00000000     0x2876
 *(.vectors)
 .vectors       0x00000000       0x54 c:/program files (x86)/atmel/atmel studio 6.0/extensions/atmel/avrgcc/3.4.1.95/avrtoolchain/bin/../lib/gcc/avr/4.6.2/../../../../avr/lib/avr5/crtm32.o
                0x00000000                __vector_default
                0x00000000                __vectors
 *(.vectors)
 *(.progmem.gcc*)
 *(.progmem*)
                0x00000054                . = ALIGN (0x2)
                0x00000054                __trampolines_start = .
 *(.trampolines)
 .trampolines   0x00000054        0x0 linker stubs
 *(.trampolines*)
                0x00000054                __trampolines_end = .
 *(.jumptables)
 *(.jumptables*)
 *(.lowtext)
 *(.lowtext*)
                0x00000054                __ctors_start = .
 *(.ctors)
                0x00000054                __ctors_end = .
                0x00000054                __dtors_start = .
 *(.dtors)
                0x00000054                __dtors_end = .
 SORT(*)(.ctors)
 SORT(*)(.dtors)
 *(.init0)
 .init0         0x00000054        0x0 c:/program files (x86)/atmel/atmel studio 6.0/extensions/atmel/avrgcc/3.4.1.95/avrtoolchain/bin/../lib/gcc/avr/4.6.2/../../../../avr/lib/avr5/crtm32.o
                0x00000054                __init
 *(.init0)
 *(.init1)
 *(.init1)
 *(.init2)
 .init2         0x00000054        0xc c:/program files (x86)/atmel/atmel studio 6.0/extensions/atmel/avrgcc/3.4.1.95/avrtoolchain/bin/../lib/gcc/avr/4.6.2/../../../../avr/lib/avr5/crtm32.o
 *(.init2)
 *(.init3)
 *(.init3)
 *(.init4)
 .init4         0x00000060       0x16 c:/program files (x86)/atmel/atmel studio 6.0/extensions/atmel/avrgcc/3.4.1.95/avrtoolchain/bin/../lib/gcc/avr/4.6.2/avr5\libgcc.a(_copy_data.o)
                0x00000060                __do_copy_data
 .init4         0x00000076       0x10 c:/program files (x86)/atmel/atmel studio 6.0/extensions/atmel/avrgcc/3.4.1.95/avrtoolchain/bin/../lib/gcc/avr/4.6.2/avr5\libgcc.a(_clear_bss.o)
                0x00000076                __do_clear_bss
 *(.init4)
 *(.init5)
 *(.init5)
 *(.init6)
 *(.init6)
 *(.init7)
 *(.init7)
 *(.init8)
 *(.init8)
 *(.init9)
 .init9         0x00000086        0x8 c:/program files (x86)/atmel/atmel studio 6.0/extensions/atmel/avrgcc/3.4.1.95/avrtoolchain/bin/../lib/gcc/avr/4.6.2/../../../../avr/lib/avr5/crtm32.o
 *(.init9)
 *(.text)
 .text          0x0000008e        0x4 c:/program files (x86)/atmel/atmel studio 6.0/extensions/atmel/avrgcc/3.4.1.95/avrtoolchain/bin/../lib/gcc/avr/4.6.2/../../../../avr/lib/avr5/crtm32.o
                0x0000008e                __vector_1
                0x0000008e                __vector_12
                0x0000008e                __bad_interrupt
                0x0000008e                __vector_6
                0x0000008e                __vector_3
                0x0000008e                __vector_13
                0x0000008e                __vector_17
                0x0000008e                __vector_19
                0x0000008e                __vector_7
                0x0000008e                __vector_5
                0x0000008e                __vector_4
                0x0000008e                __vector_9
                0x0000008e                __vector_2
                0x0000008e                __vector_15
                0x0000008e                __vector_8
                0x0000008e                __vector_14
                0x0000008e                __vector_10
                0x0000008e                __vector_16
                0x0000008e                __vector_18
                0x0000008e                __vector_20
 .text          0x00000092      0x438 croutine.o
                0x00000092                xCoRoutineCreate
                0x00000198                vCoRoutineAddToDelayedList
                0x0000021e                vCoRoutineSchedule
                0x0000047c                xCoRoutineRemoveFromEventList
 .text          0x000004ca      0x352 event_groups.o
                0x000004f0                xEventGroupCreate
                0x00000518                xEventGroupWaitBits
                0x000005f0                xEventGroupClearBits
                0x0000060e                xEventGroupGetBitsFromISR
                0x00000616                xEventGroupSetBits
                0x0000070c                xEventGroupSync
                0x000007da                vEventGroupDelete
                0x0000080c                vEventGroupSetBitsCallback
                0x00000814                vEventGroupClearBitsCallback
 .text          0x0000081c      0x1b2 heap_2.o
                0x0000081c                pvPortMalloc
                0x0000095c                vPortFree
                0x000009c2                xPortGetFreeHeapSize
                0x000009cc                vPortInitialiseBlocks
 .text          0x000009ce      0x118 list.o
                0x000009ce                vListInitialise
                0x000009ea                vListInitialiseItem
                0x000009f2                vListInsertEnd
                0x00000a30                vListInsert
                0x00000a94                uxListRemove
 .text          0x00000ae6      0x2fe port.o
                0x00000ae6                pxPortInitialiseStack
                0x00000c06                xPortStartScheduler
                0x00000c70                vPortEndScheduler
                0x00000c72                vPortYield
                0x00000d24                vPortYieldFromTick
                0x00000dde                __vector_11
 .text          0x00000de4      0xadc queue.o
                0x00000f88                xQueueGenericReset
                0x00001014                xQueueGenericCreate
                0x00001066                xQueueGenericSend
                0x000011a6                xQueueGenericSendFromISR
                0x00001218                xQueueGiveFromISR
                0x0000126a                xQueueReceive
                0x000013a6                xQueueSemaphoreTake
                0x000014ca                xQueuePeek
                0x00001606                xQueueReceiveFromISR
                0x00001674                xQueuePeekFromISR
                0x000016a2                uxQueueMessagesWaiting
                0x000016b2                uxQueueSpacesAvailable
                0x000016c6                uxQueueMessagesWaitingFromISR
                0x000016cc                vQueueDelete
                0x000016d2                xQueueIsQueueEmptyFromISR
                0x000016de                xQueueIsQueueFullFromISR
                0x000016ec                xQueueCRSend
                0x0000176c                xQueueCRReceive
                0x00001802                xQueueCRSendFromISR
                0x00001840                xQueueCRReceiveFromISR
 .text          0x000018c0       0x42 RTOS_PORTING.o
                0x000018c0                task
                0x000018d2                main
 .text          0x00001902      0xf5e tasks.o
                0x00001a36                xTaskCreate
                0x00001c78                vTaskDelete
                0x00001d1c                vTaskStartScheduler
                0x00001d70                vTaskEndScheduler
                0x00001d7c                vTaskSuspendAll
                0x00001d88                xTaskGetTickCount
                0x00001d9c                xTaskGetTickCountFromISR
                0x00001da6                uxTaskGetNumberOfTasks
                0x00001dac                pcTaskGetName
                0x00001dbc                xTaskIncrementTick
                0x00001f38                xTaskResumeAll
                0x00002038                vTaskDelay
                0x00002060                vTaskDelayUntil
                0x000020de                vTaskSwitchContext
                0x00002196                vTaskPlaceOnEventList
                0x000021ba                vTaskPlaceOnUnorderedEventList
                0x000021ec                xTaskRemoveFromEventList
                0x00002282                vTaskRemoveFromUnorderedEventList
                0x000022f2                vTaskSetTimeOutState
                0x00002312                vTaskInternalSetTimeOutState
                0x00002328                xTaskCheckForTimeOut
                0x00002382                vTaskMissedYield
                0x0000238a                uxTaskResetEventItemValue
                0x000023ba                ulTaskNotifyTake
                0x00002470                xTaskNotifyWait
                0x00002568                xTaskGenericNotify
                0x00002662                xTaskGenericNotifyFromISR
                0x00002780                vTaskNotifyGiveFromISR
                0x00002836                xTaskNotifyStateClear
 .text          0x00002860        0x0 timers.o
 .text          0x00002860        0x0 c:/program files (x86)/atmel/atmel studio 6.0/extensions/atmel/avrgcc/3.4.1.95/avrtoolchain/bin/../lib/gcc/avr/4.6.2/avr5\libgcc.a(_exit.o)
 .text          0x00002860        0x0 c:/program files (x86)/atmel/atmel studio 6.0/extensions/atmel/avrgcc/3.4.1.95/avrtoolchain/bin/../lib/gcc/avr/4.6.2/avr5\libgcc.a(_copy_data.o)
 .text          0x00002860        0x0 c:/program files (x86)/atmel/atmel studio 6.0/extensions/atmel/avrgcc/3.4.1.95/avrtoolchain/bin/../lib/gcc/avr/4.6.2/avr5\libgcc.a(_clear_bss.o)
 .text          0x00002860        0x0 c:/program files (x86)/atmel/atmel studio 6.0/extensions/atmel/avrgcc/3.4.1.95/avrtoolchain/bin/../lib/gcc/avr/4.6.2/../../../../avr/lib/avr5\libc.a(memcpy.o)
                0x00002860                . = ALIGN (0x2)
 *(.text.*)
 .text.libgcc   0x00002860        0x0 c:/program files (x86)/atmel/atmel studio 6.0/extensions/atmel/avrgcc/3.4.1.95/avrtoolchain/bin/../lib/gcc/avr/4.6.2/avr5\libgcc.a(_exit.o)
 .text.libgcc   0x00002860        0x0 c:/program files (x86)/atmel/atmel studio 6.0/extensions/atmel/avrgcc/3.4.1.95/avrtoolchain/bin/../lib/gcc/avr/4.6.2/avr5\libgcc.a(_copy_data.o)
 .text.libgcc   0x00002860        0x0 c:/program files (x86)/atmel/atmel studio 6.0/extensions/atmel/avrgcc/3.4.1.95/avrtoolchain/bin/../lib/gcc/avr/4.6.2/avr5\libgcc.a(_clear_bss.o)
 .text.avr-libc
                0x00002860       0x12 c:/program files (x86)/atmel/atmel studio 6.0/extensions/atmel/avrgcc/3.4.1.95/avrtoolchain/bin/../lib/gcc/avr/4.6.2/../../../../avr/lib/avr5\libc.a(memcpy.o)
                0x00002860                memcpy
                0x00002872                . = ALIGN (0x2)
 *(.fini9)
 .fini9         0x00002872        0x0 c:/program files (x86)/atmel/atmel studio 6.0/extensions/atmel/avrgcc/3.4.1.95/avrtoolchain/bin/../lib/gcc/avr/4.6.2/avr5\libgcc.a(_exit.o)
                0x00002872                _exit
                0x00002872                exit
 *(.fini9)
 *(.fini8)
 *(.fini8)
 *(.fini7)
 *(.fini7)
 *(.fini6)
 *(.fini6)
 *(.fini5)
 *(.fini5)
 *(.fini4)
 *(.fini4)
 *(.fini3)
 *(.fini3)
 *(.fini2)
 *(.fini2)
 *(.fini1)
 *(.fini1)
 *(.fini0)
 .fini0         0x00002872        0x4 c:/program files (x86)/atmel/atmel studio 6.0/extensions/atmel/avrgcc/3.4.1.95/avrtoolchain/bin/../lib/gcc/avr/4.6.2/avr5\libgcc.a(_exit.o)
 *(.fini0)
                0x00002876                _etext = .

.data           0x00800060        0xc load address 0x00002876
                0x00800060                PROVIDE (__data_start, .)
 *(.data)
 .data          0x00800060        0x0 c:/program files (x86)/atmel/atmel studio 6.0/extensions/atmel/avrgcc/3.4.1.95/avrtoolchain/bin/../lib/gcc/avr/4.6.2/../../../../avr/lib/avr5/crtm32.o
 .data          0x00800060        0x0 croutine.o
 .data          0x00800060        0x0 event_groups.o
 .data          0x00800060        0x2 heap_2.o
 .data          0x00800062        0x0 list.o
 .data          0x00800062        0x0 port.o
 .data          0x00800062        0x0 queue.o
 .data          0x00800062        0x4 RTOS_PORTING.o
 .data          0x00800066        0x5 tasks.o
 .data          0x0080006b        0x0 timers.o
 .data          0x0080006b        0x0 c:/program files (x86)/atmel/atmel studio 6.0/extensions/atmel/avrgcc/3.4.1.95/avrtoolchain/bin/../lib/gcc/avr/4.6.2/avr5\libgcc.a(_exit.o)
 .data          0x0080006b        0x0 c:/program files (x86)/atmel/atmel studio 6.0/extensions/atmel/avrgcc/3.4.1.95/avrtoolchain/bin/../lib/gcc/avr/4.6.2/avr5\libgcc.a(_copy_data.o)
 .data          0x0080006b        0x0 c:/program files (x86)/atmel/atmel studio 6.0/extensions/atmel/avrgcc/3.4.1.95/avrtoolchain/bin/../lib/gcc/avr/4.6.2/avr5\libgcc.a(_clear_bss.o)
 .data          0x0080006b        0x0 c:/program files (x86)/atmel/atmel studio 6.0/extensions/atmel/avrgcc/3.4.1.95/avrtoolchain/bin/../lib/gcc/avr/4.6.2/../../../../avr/lib/avr5\libc.a(memcpy.o)
 *(.data*)
 *(.rodata)
 *(.rodata*)
 *(.gnu.linkonce.d*)
                0x0080006c                . = ALIGN (0x2)
 *fill*         0x0080006b        0x1 00
                0x0080006c                _edata = .
                0x0080006c                PROVIDE (__data_end, .)

.bss            0x0080006c      0x67c
                0x0080006c                PROVIDE (__bss_start, .)
 *(.bss)
 .bss           0x0080006c        0x0 c:/program files (x86)/atmel/atmel studio 6.0/extensions/atmel/avrgcc/3.4.1.95/avrtoolchain/bin/../lib/gcc/avr/4.6.2/../../../../avr/lib/avr5/crtm32.o
 .bss           0x0080006c       0x3a croutine.o
                0x0080006c                pxCurrentCoRoutine
 .bss           0x008000a6        0x0 event_groups.o
 .bss           0x008000a6      0x5e5 heap_2.o
 .bss           0x0080068b        0x0 list.o
 .bss           0x0080068b        0x0 port.o
 .bss           0x0080068b        0x0 queue.o
 .bss           0x0080068b        0x0 RTOS_PORTING.o
 .bss           0x0080068b       0x5d tasks.o
                0x0080068b                pxCurrentTCB
 .bss           0x008006e8        0x0 timers.o
 .bss           0x008006e8        0x0 c:/program files (x86)/atmel/atmel studio 6.0/extensions/atmel/avrgcc/3.4.1.95/avrtoolchain/bin/../lib/gcc/avr/4.6.2/avr5\libgcc.a(_exit.o)
 .bss           0x008006e8        0x0 c:/program files (x86)/atmel/atmel studio 6.0/extensions/atmel/avrgcc/3.4.1.95/avrtoolchain/bin/../lib/gcc/avr/4.6.2/avr5\libgcc.a(_copy_data.o)
 .bss           0x008006e8        0x0 c:/program files (x86)/atmel/atmel studio 6.0/extensions/atmel/avrgcc/3.4.1.95/avrtoolchain/bin/../lib/gcc/avr/4.6.2/avr5\libgcc.a(_clear_bss.o)
 .bss           0x008006e8        0x0 c:/program files (x86)/atmel/atmel studio 6.0/extensions/atmel/avrgcc/3.4.1.95/avrtoolchain/bin/../lib/gcc/avr/4.6.2/../../../../avr/lib/avr5\libc.a(memcpy.o)
 *(.bss*)
 *(COMMON)
                0x008006e8                PROVIDE (__bss_end, .)
                0x00002876                __data_load_start = LOADADDR (.data)
                0x00002882                __data_load_end = (__data_load_start + SIZEOF (.data))

.noinit         0x008006e8        0x0
                0x008006e8                PROVIDE (__noinit_start, .)
 *(.noinit*)
                0x008006e8                PROVIDE (__noinit_end, .)
                0x008006e8                _end = .
                0x008006e8                PROVIDE (__heap_start, .)

.eeprom         0x00810000        0x0
 *(.eeprom*)
                0x00810000                __eeprom_end = .

.fuse
 *(.fuse)
 *(.lfuse)
 *(.hfuse)
 *(.efuse)

.lock
 *(.lock*)

.signature
 *(.signature*)

.stab           0x00000000      0x750
 *(.stab)
 .stab          0x00000000      0x6cc c:/program files (x86)/atmel/atmel studio 6.0/extensions/atmel/avrgcc/3.4.1.95/avrtoolchain/bin/../lib/gcc/avr/4.6.2/../../../../avr/lib/avr5/crtm32.o
 .stab          0x000006cc       0x84 c:/program files (x86)/atmel/atmel studio 6.0/extensions/atmel/avrgcc/3.4.1.95/avrtoolchain/bin/../lib/gcc/avr/4.6.2/../../../../avr/lib/avr5\libc.a(memcpy.o)
                                 0x90 (size before relaxing)

.stabstr        0x00000000       0xe7
 *(.stabstr)
 .stabstr       0x00000000       0xe7 c:/program files (x86)/atmel/atmel studio 6.0/extensions/atmel/avrgcc/3.4.1.95/avrtoolchain/bin/../lib/gcc/avr/4.6.2/../../../../avr/lib/avr5/crtm32.o

.stab.excl
 *(.stab.excl)

.stab.exclstr
 *(.stab.exclstr)

.stab.index
 *(.stab.index)

.stab.indexstr
 *(.stab.indexstr)

.comment
 *(.comment)

.debug
 *(.debug)

.line
 *(.line)

.debug_srcinfo
 *(.debug_srcinfo)

.debug_sfnames
 *(.debug_sfnames)

.debug_aranges  0x00000000      0x160
 *(.debug_aranges)
 .debug_aranges
                0x00000000       0x20 croutine.o
 .debug_aranges
                0x00000020       0x20 event_groups.o
 .debug_aranges
                0x00000040       0x20 heap_2.o
 .debug_aranges
                0x00000060       0x20 list.o
 .debug_aranges
                0x00000080       0x20 port.o
 .debug_aranges
                0x000000a0       0x20 queue.o
 .debug_aranges
                0x000000c0       0x20 RTOS_PORTING.o
 .debug_aranges
                0x000000e0       0x20 tasks.o
 .debug_aranges
                0x00000100       0x20 c:/program files (x86)/atmel/atmel studio 6.0/extensions/atmel/avrgcc/3.4.1.95/avrtoolchain/bin/../lib/gcc/avr/4.6.2/avr5\libgcc.a(_exit.o)
 .debug_aranges
                0x00000120       0x20 c:/program files (x86)/atmel/atmel studio 6.0/extensions/atmel/avrgcc/3.4.1.95/avrtoolchain/bin/../lib/gcc/avr/4.6.2/avr5\libgcc.a(_copy_data.o)
 .debug_aranges
                0x00000140       0x20 c:/program files (x86)/atmel/atmel studio 6.0/extensions/atmel/avrgcc/3.4.1.95/avrtoolchain/bin/../lib/gcc/avr/4.6.2/avr5\libgcc.a(_clear_bss.o)

.debug_pubnames
 *(.debug_pubnames)

.debug_info     0x00000000     0x3666
 *(.debug_info)
 .debug_info    0x00000000      0x530 croutine.o
 .debug_info    0x00000530      0x67f event_groups.o
 .debug_info    0x00000baf      0x2d4 heap_2.o
 .debug_info    0x00000e83      0x2bd list.o
 .debug_info    0x00001140      0x203 port.o
 .debug_info    0x00001343      0xe86 queue.o
 .debug_info    0x000021c9       0xc8 RTOS_PORTING.o
 .debug_info    0x00002291     0x10d9 tasks.o
 .debug_info    0x0000336a       0x65 timers.o
 .debug_info    0x000033cf       0xdd c:/program files (x86)/atmel/atmel studio 6.0/extensions/atmel/avrgcc/3.4.1.95/avrtoolchain/bin/../lib/gcc/avr/4.6.2/avr5\libgcc.a(_exit.o)
 .debug_info    0x000034ac       0xdd c:/program files (x86)/atmel/atmel studio 6.0/extensions/atmel/avrgcc/3.4.1.95/avrtoolchain/bin/../lib/gcc/avr/4.6.2/avr5\libgcc.a(_copy_data.o)
 .debug_info    0x00003589       0xdd c:/program files (x86)/atmel/atmel studio 6.0/extensions/atmel/avrgcc/3.4.1.95/avrtoolchain/bin/../lib/gcc/avr/4.6.2/avr5\libgcc.a(_clear_bss.o)
 *(.gnu.linkonce.wi.*)

.debug_abbrev   0x00000000      0xc60
 *(.debug_abbrev)
 .debug_abbrev  0x00000000      0x1d5 croutine.o
 .debug_abbrev  0x000001d5      0x18a event_groups.o
 .debug_abbrev  0x0000035f      0x173 heap_2.o
 .debug_abbrev  0x000004d2       0xf4 list.o
 .debug_abbrev  0x000005c6      0x113 port.o
 .debug_abbrev  0x000006d9      0x21e queue.o
 .debug_abbrev  0x000008f7       0x7b RTOS_PORTING.o
 .debug_abbrev  0x00000972      0x288 tasks.o
 .debug_abbrev  0x00000bfa       0x2a timers.o
 .debug_abbrev  0x00000c24       0x14 c:/program files (x86)/atmel/atmel studio 6.0/extensions/atmel/avrgcc/3.4.1.95/avrtoolchain/bin/../lib/gcc/avr/4.6.2/avr5\libgcc.a(_exit.o)
 .debug_abbrev  0x00000c38       0x14 c:/program files (x86)/atmel/atmel studio 6.0/extensions/atmel/avrgcc/3.4.1.95/avrtoolchain/bin/../lib/gcc/avr/4.6.2/avr5\libgcc.a(_copy_data.o)
 .debug_abbrev  0x00000c4c       0x14 c:/program files (x86)/atmel/atmel studio 6.0/extensions/atmel/avrgcc/3.4.1.95/avrtoolchain/bin/../lib/gcc/avr/4.6.2/avr5\libgcc.a(_clear_bss.o)

.debug_line     0x00000000     0x1376
 *(.debug_line)
 .debug_line    0x00000000      0x18d croutine.o
 .debug_line    0x0000018d      0x1c9 event_groups.o
 .debug_line    0x00000356      0x1d0 heap_2.o
 .debug_line    0x00000526      0x11f list.o
 .debug_line    0x00000645      0x14b port.o
 .debug_line    0x00000790      0x43a queue.o
 .debug_line    0x00000bca       0xf7 RTOS_PORTING.o
 .debug_line    0x00000cc1      0x4f4 tasks.o
 .debug_line    0x000011b5       0x1a timers.o
 .debug_line    0x000011cf       0x88 c:/program files (x86)/atmel/atmel studio 6.0/extensions/atmel/avrgcc/3.4.1.95/avrtoolchain/bin/../lib/gcc/avr/4.6.2/avr5\libgcc.a(_exit.o)
 .debug_line    0x00001257       0x91 c:/program files (x86)/atmel/atmel studio 6.0/extensions/atmel/avrgcc/3.4.1.95/avrtoolchain/bin/../lib/gcc/avr/4.6.2/avr5\libgcc.a(_copy_data.o)
 .debug_line    0x000012e8       0x8e c:/program files (x86)/atmel/atmel studio 6.0/extensions/atmel/avrgcc/3.4.1.95/avrtoolchain/bin/../lib/gcc/avr/4.6.2/avr5\libgcc.a(_clear_bss.o)

.debug_frame    0x00000000      0xb74
 *(.debug_frame)
 .debug_frame   0x00000000       0xd0 croutine.o
 .debug_frame   0x000000d0      0x168 event_groups.o
 .debug_frame   0x00000238       0x7c heap_2.o
 .debug_frame   0x000002b4       0x88 list.o
 .debug_frame   0x0000033c       0x74 port.o
 .debug_frame   0x000003b0      0x388 queue.o
 .debug_frame   0x00000738       0x44 RTOS_PORTING.o
 .debug_frame   0x0000077c      0x3f8 tasks.o

.debug_str      0x00000000     0x1517
 *(.debug_str)
 .debug_str     0x00000000      0x3a8 croutine.o
                                0x417 (size before relaxing)
 .debug_str     0x000003a8      0x297 event_groups.o
                                0x420 (size before relaxing)
 .debug_str     0x0000063f      0x15c heap_2.o
                                0x221 (size before relaxing)
 .debug_str     0x0000079b       0x8e list.o
                                0x1f7 (size before relaxing)
 .debug_str     0x00000829       0xf3 port.o
                                0x1cb (size before relaxing)
 .debug_str     0x0000091c      0x47b queue.o
                                0x647 (size before relaxing)
 .debug_str     0x00000d97       0x1e RTOS_PORTING.o
                                 0xe2 (size before relaxing)
 .debug_str     0x00000db5      0x754 tasks.o
                                0xa19 (size before relaxing)
 .debug_str     0x00001509        0xe timers.o
                                 0xb6 (size before relaxing)

.debug_loc      0x00000000     0x41d5
 *(.debug_loc)
 .debug_loc     0x00000000      0x427 croutine.o
 .debug_loc     0x00000427      0xad6 event_groups.o
 .debug_loc     0x00000efd      0x2ca heap_2.o
 .debug_loc     0x000011c7      0x171 list.o
 .debug_loc     0x00001338      0x28e port.o
 .debug_loc     0x000015c6     0x1602 queue.o
 .debug_loc     0x00002bc8       0x54 RTOS_PORTING.o
 .debug_loc     0x00002c1c     0x15b9 tasks.o

.debug_macinfo
 *(.debug_macinfo)
OUTPUT(RTOS_PORTING.elf elf32-avr)
LOAD linker stubs

.debug_ranges   0x00000000      0x150
 .debug_ranges  0x00000000       0xa8 queue.o
 .debug_ranges  0x000000a8       0xa8 tasks.o
